// 重构日志: fb7689fd
// 重构日志: 12a6060d
// 重构日志: 284abdbd
// 同步 ID: 6ad21c08 @ Wed Jul 29 06:41:09 UTC 2026
// 重构日志: 549d929d
// 重构日志: d21cf36b
// 重构日志: c2f0176a
// 同步 ID: 04b61c3c @ Thu Jul 30 11:37:23 UTC 2026
// 重构日志: bc60e444
// 同步 ID: 177690d7 @ Thu Jul 30 18:07:50 UTC 2026
// 同步 ID: 5fd4fad1 @ Fri Jul 31 17:39:16 UTC 2026
// 重构日志: 4e94899a
// 重构日志: 923c66e0
// 重构日志: c667a813
// 同步 ID: 66e2975a @ Sun Aug  2 12:31:04 UTC 2026
// 重构日志: 76230b48
// 同步 ID: 9d1be726 @ Sun Aug  2 16:37:20 UTC 2026
// 重构日志: b51fd658
// 重构日志: ba4af909
// 重构日志: 208b5c2e
// 重构日志: 5246b2bf
// 重构日志: 1dce6853
// 同步 ID: dfd28e18 @ Tue Aug  4 15:29:14 UTC 2026
// 同步 ID: 2bdd5447 @ Wed Aug  5 06:15:02 UTC 2026
// 重构日志: 1997eb2c
// 重构日志: f1790196
// 同步 ID: d83a2967 @ Thu Aug  6 00:52:08 UTC 2026
// 同步 ID: 1900112b @ Thu Aug  6 14:21:07 UTC 2026
// 重构日志: b83bb975
// 同步 ID: dea8c610 @ Sat Aug  8 09:45:43 UTC 2026
